The SAS System                                                                                                        09:51
Tuesday, July 28, 2009   1

The FREQ Procedure

0/1 flag answering was this person continuously enrolled from 01jan2007 to 31Dec2008 (disregarding gaps up to 90 days)?

    Continuously                             Cumulative    Cumulative
        Enrolled    Frequency     Percent     Frequency      Percent
---------------------------------------------------------------------
               0         976       10.51           976        10.51
               1        8309       89.49          9285       100.00











































Program file: \\groups\data\CTRHS\Crn\S D R C\VDW\Macros\debug_enrollment_macros.sas
The SAS System                                                                                                        09:51
Tuesday, July 28, 2009   2

The FREQ Procedure

                                           Cumulative    Cumulative
disenroll_date    Frequency     Percent     Frequency      Percent
-------------------------------------------------------------------
    12/31/2006         156        1.68           156         1.68
    01/31/2007          26        0.28           182         1.96
    02/28/2007          36        0.39           218         2.35
    03/31/2007          38        0.41           256         2.76
    04/30/2007          22        0.24           278         2.99
    05/31/2007          22        0.24           300         3.23
    06/30/2007          38        0.41           338         3.64
    07/31/2007          41        0.44           379         4.08
    08/31/2007          33        0.36           412         4.44
    09/30/2007          29        0.31           441         4.75
    10/31/2007          26        0.28           467         5.03
    11/30/2007          21        0.23           488         5.26
    12/31/2007         121        1.30           609         6.56
    01/31/2008          42        0.45           651         7.01
    02/29/2008          34        0.37           685         7.38
    03/31/2008          34        0.37           719         7.74
    04/30/2008          28        0.30           747         8.05
    05/31/2008          32        0.34           779         8.39
    06/30/2008          30        0.32           809         8.71
    07/31/2008          22        0.24           831         8.95
    08/31/2008          35        0.38           866         9.33
    09/30/2008          38        0.41           904         9.74
    10/31/2008          34        0.37           938        10.10
    11/30/2008          38        0.41           976        10.51
    12/31/2008        8309       89.49          9285       100.00






















Program file: \\groups\data\CTRHS\Crn\S D R C\VDW\Macros\debug_enrollment_macros.sas
