The SAS System
                 08:32 Tuesday, September 23, 2008   1

The FREQ Procedure

 The constant added to the dates dx_date birth_date fill_date

                                      Cumulative    Cumulative
fuzz_days    Frequency     Percent     Frequency      Percent
--------------------------------------------------------------
      -30          13        1.30            13         1.30
      -29          15        1.50            28         2.80
      -28          20        2.00            48         4.80
      -27          16        1.60            64         6.40
      -26          12        1.20            76         7.60
      -25          19        1.90            95         9.50
      -24          17        1.70           112        11.20
      -23          10        1.00           122        12.20
      -22          20        2.00           142        14.20
      -21          14        1.40           156        15.60
      -20          15        1.50           171        17.10
      -19          18        1.80           189        18.90
      -18          17        1.70           206        20.60
      -17          18        1.80           224        22.40
      -16          15        1.50           239        23.90
      -15          10        1.00           249        24.90
      -14          25        2.50           274        27.40
      -13          12        1.20           286        28.60
      -12          15        1.50           301        30.10
      -11          13        1.30           314        31.40
      -10          19        1.90           333        33.30
       -9          18        1.80           351        35.10
       -8          16        1.60           367        36.70
       -7          20        2.00           387        38.70
       -6          14        1.40           401        40.10
       -5          11        1.10           412        41.20
       -4          19        1.90           431        43.10
       -3          12        1.20           443        44.30
       -2          15        1.50           458        45.80
       -1          18        1.80           476        47.60
        1          21        2.10           497        49.70
        2          12        1.20           509        50.90
        3          17        1.70           526        52.60
        4          13        1.30           539        53.90
        5          16        1.60           555        55.50
        6           9        0.90           564        56.40
        7          13        1.30           577        57.70
        8          15        1.50           592        59.20
        9          15        1.50           607        60.70
       10          20        2.00           627        62.70
       11          13        1.30           640        64.00
       12          21        2.10           661        66.10
       13          26        2.60           687        68.70
       14          19        1.90           706        70.60

Program file: \\groups\data\CTRHS\Crn\S D R C\VDW\Macros\test_fuzz_dates.sas
The SAS System
                 08:32 Tuesday, September 23, 2008   2

The FREQ Procedure

 The constant added to the dates dx_date birth_date fill_date

                                      Cumulative    Cumulative
fuzz_days    Frequency     Percent     Frequency      Percent
--------------------------------------------------------------
       15          24        2.40           730        73.00
       16          14        1.40           744        74.40
       17          16        1.60           760        76.00
       18          20        2.00           780        78.00
       19          16        1.60           796        79.60
       20          10        1.00           806        80.60
       21          19        1.90           825        82.50
       22          19        1.90           844        84.40
       23          24        2.40           868        86.80
       24          19        1.90           887        88.70
       25          17        1.70           904        90.40
       26          12        1.20           916        91.60
       27          22        2.20           938        93.80
       28          24        2.40           962        96.20
       29          21        2.10           983        98.30
       30          17        1.70          1000       100.00





























Program file: \\groups\data\CTRHS\Crn\S D R C\VDW\Macros\test_fuzz_dates.sas
