Inclusion Enrollment Report
                  13:14 Tuesday, December 16, 2008   1
PART A TOTAL ENROLLMENT REPORT

+-----------------------------------+-----------------------------------------------+-----------
----+
|Ethnic Category                    |                  Sex/Gender                   |
    |
|                                   +---------------+---------------+---------------+
    |
|                                   |               |               |Unknown or Not |
    |
|                                   |    Females    |     Males     |   Reported    |     Total
    |
+-----------------------------------+---------------+---------------+---------------+-----------
----+
|Ethnic Category                    |               |               |               |
    |
+-----------------------------------+               |               |               |
    |
|1 Hispanic or Latino               |             23|              2|              0|
  25|
+-----------------------------------+---------------+---------------+---------------+-----------
----+
|2 Not Hispanic or Latino           |            216|            240|              0|
 456|
+-----------------------------------+---------------+---------------+---------------+-----------
----+
|3 Unknown (Individuals not         |               |               |               |
    |
|reporting ethnicity)               |          4,916|          4,582|             21|
9,519|
+-----------------------------------+---------------+---------------+---------------+-----------
----+
|Total of all subjects:             |          5,155|          4,824|             21|
10,000|
+-----------------------------------+---------------+---------------+---------------+-----------
----+


































Program file: \\groups\data\CTRHS\Crn\S D R C\VDW\Macros\test_make_inclusion_table.sas
Inclusion Enrollment Report
                  13:14 Tuesday, December 16, 2008   2
PART A TOTAL ENROLLMENT REPORT

+-----------------------------------+-----------------------------------------------+-----------
----+
|Racial Categories                  |                  Sex/Gender                   |
    |
|                                   +---------------+---------------+---------------+
    |
|                                   |               |               |Unknown or Not |
    |
|                                   |    Females    |     Males     |   Reported    |     Total
    |
+-----------------------------------+---------------+---------------+---------------+-----------
----+
|Racial Category                    |               |               |               |
    |
+-----------------------------------+               |               |               |
    |
|1 American Indian/Alaska Native    |             15|              3|              0|
  18|
+-----------------------------------+---------------+---------------+---------------+-----------
----+
|2 Asian                            |             54|              0|              0|
  54|
+-----------------------------------+---------------+---------------+---------------+-----------
----+
|3 Native Hawaiian or Other Pacific |               |               |               |
    |
|Islander                           |              0|              0|              0|
   0|
+-----------------------------------+---------------+---------------+---------------+-----------
----+
|4 Black or African American        |             30|             15|              0|
  45|
+-----------------------------------+---------------+---------------+---------------+-----------
----+
|5 White                            |            572|            221|              0|
 793|
+-----------------------------------+---------------+---------------+---------------+-----------
----+
|6 More than one race               |              0|              0|              0|
   0|
+-----------------------------------+---------------+---------------+---------------+-----------
----+
|7 Unknown or Not Reported          |          4,484|          4,585|             21|
9,090|
+-----------------------------------+---------------+---------------+---------------+-----------
----+
|Total of all subjects:             |          5,155|          4,824|             21|
10,000|
+-----------------------------------+---------------+---------------+---------------+-----------
----+


























Program file: \\groups\data\CTRHS\Crn\S D R C\VDW\Macros\test_make_inclusion_table.sas
Inclusion Enrollment Report
                  13:14 Tuesday, December 16, 2008   3
PART B HISPANIC ENROLLMENT REPORT

+-----------------------------------+-----------------------------------------------+-----------
----+
|Racial Categories                  |                  Sex/Gender                   |
    |
|                                   +---------------+---------------+---------------+
    |
|                                   |               |               |Unknown or Not |
    |
|                                   |    Females    |     Males     |   Reported    |     Total
    |
+-----------------------------------+---------------+---------------+---------------+-----------
----+
|Racial Category                    |               |               |               |
    |
+-----------------------------------+               |               |               |
    |
|1 American Indian/Alaska Native    |              2|              0|              0|
   2|
+-----------------------------------+---------------+---------------+---------------+-----------
----+
|2 Asian                            |              6|              0|              0|
   6|
+-----------------------------------+---------------+---------------+---------------+-----------
----+
|3 Native Hawaiian or Other Pacific |               |               |               |
    |
|Islander                           |              0|              0|              0|
   0|
+-----------------------------------+---------------+---------------+---------------+-----------
----+
|4 Black or African American        |              0|              0|              0|
   0|
+-----------------------------------+---------------+---------------+---------------+-----------
----+
|5 White                            |              7|              0|              0|
   7|
+-----------------------------------+---------------+---------------+---------------+-----------
----+
|6 More than one race               |              0|              0|              0|
   0|
+-----------------------------------+---------------+---------------+---------------+-----------
----+
|7 Unknown or Not Reported          |              8|              2|              0|
  10|
+-----------------------------------+---------------+---------------+---------------+-----------
----+
|Total of Hispanics or Latinos:     |             23|              2|              0|
  25|
+-----------------------------------+---------------+---------------+---------------+-----------
----+


























Program file: \\groups\data\CTRHS\Crn\S D R C\VDW\Macros\test_make_inclusion_table.sas
