Inclusion Enrollment Report                                                                                        13:42 Tuesday,
February 1, 2011   1
PART A TOTAL ENROLLMENT REPORT

+-----------------------------------+-----------------------------------------------+---------------+
|Ethnic Category                    |                  Sex/Gender                   |               |
|                                   +---------------+---------------+---------------+               |
|                                   |               |               |Unknown or Not |               |
|                                   |    Females    |     Males     |   Reported    |     Total     |
+-----------------------------------+---------------+---------------+---------------+---------------+
|Ethnic Category                    |               |               |               |               |
+-----------------------------------+               |               |               |               |
|1 Hispanic or Latino               |          9,810|          1,290|              0|         11,100|
+-----------------------------------+---------------+---------------+---------------+---------------+
|2 Not Hispanic or Latino           |         94,733|         90,509|             25|        185,267|
+-----------------------------------+---------------+---------------+---------------+---------------+
|3 Unknown (Individuals not         |               |               |               |               |
|reporting ethnicity)               |      1,629,344|      1,476,227|          5,196|      3,110,767|
+-----------------------------------+---------------+---------------+---------------+---------------+
|Total of all subjects:             |      1,733,887|      1,568,026|          5,221|      3,307,134|
+-----------------------------------+---------------+---------------+---------------+---------------+



































Program file: C:\Documents and Settings\pardre1\My Documents\vdw\macros\test_vitals_demog_switchover.sas
Inclusion Enrollment Report                                                                                        13:42 Tuesday,
February 1, 2011   2
PART A TOTAL ENROLLMENT REPORT

+-----------------------------------+-----------------------------------------------+---------------+
|Racial Categories                  |                  Sex/Gender                   |               |
|                                   +---------------+---------------+---------------+               |
|                                   |               |               |Unknown or Not |               |
|                                   |    Females    |     Males     |   Reported    |     Total     |
+-----------------------------------+---------------+---------------+---------------+---------------+
|Racial Category                    |               |               |               |               |
+-----------------------------------+               |               |               |               |
|1 American Indian/Alaska Native    |          6,237|            865|              0|          7,102|
+-----------------------------------+---------------+---------------+---------------+---------------+
|2 Asian                            |         17,783|          2,280|              1|         20,064|
+-----------------------------------+---------------+---------------+---------------+---------------+
|3 Native Hawaiian or Other Pacific |               |               |               |               |
|Islander                           |            218|            211|              0|            429|
+-----------------------------------+---------------+---------------+---------------+---------------+
|4 Black or African American        |          9,780|          4,362|              1|         14,143|
+-----------------------------------+---------------+---------------+---------------+---------------+
|5 White                            |        203,512|         82,045|             25|        285,582|
+-----------------------------------+---------------+---------------+---------------+---------------+
|6 More than one race               |              0|              0|              0|              0|
+-----------------------------------+---------------+---------------+---------------+---------------+
|7 Unknown or Not Reported          |      1,496,357|      1,478,263|          5,194|      2,979,814|
+-----------------------------------+---------------+---------------+---------------+---------------+
|Total of all subjects:             |      1,733,887|      1,568,026|          5,221|      3,307,134|
+-----------------------------------+---------------+---------------+---------------+---------------+



























Program file: C:\Documents and Settings\pardre1\My Documents\vdw\macros\test_vitals_demog_switchover.sas
Inclusion Enrollment Report                                                                                        13:42 Tuesday,
February 1, 2011   3
PART B HISPANIC ENROLLMENT REPORT

+-----------------------------------+-----------------------------------------------+---------------+
|Racial Categories                  |                  Sex/Gender                   |               |
|                                   +---------------+---------------+---------------+               |
|                                   |               |               |Unknown or Not |               |
|                                   |    Females    |     Males     |   Reported    |     Total     |
+-----------------------------------+---------------+---------------+---------------+---------------+
|Racial Category                    |               |               |               |               |
+-----------------------------------+               |               |               |               |
|1 American Indian/Alaska Native    |            498|             19|              0|            517|
+-----------------------------------+---------------+---------------+---------------+---------------+
|2 Asian                            |          1,070|             31|              0|          1,101|
+-----------------------------------+---------------+---------------+---------------+---------------+
|3 Native Hawaiian or Other Pacific |               |               |               |               |
|Islander                           |              6|              2|              0|              8|
+-----------------------------------+---------------+---------------+---------------+---------------+
|4 Black or African American        |            244|             27|              0|            271|
+-----------------------------------+---------------+---------------+---------------+---------------+
|5 White                            |          4,926|            533|              0|          5,459|
+-----------------------------------+---------------+---------------+---------------+---------------+
|6 More than one race               |              0|              0|              0|              0|
+-----------------------------------+---------------+---------------+---------------+---------------+
|7 Unknown or Not Reported          |          3,066|            678|              0|          3,744|
+-----------------------------------+---------------+---------------+---------------+---------------+
|Total of Hispanics or Latinos:     |          9,810|          1,290|              0|         11,100|
+-----------------------------------+---------------+---------------+---------------+---------------+



























Program file: C:\Documents and Settings\pardre1\My Documents\vdw\macros\test_vitals_demog_switchover.sas
